INFO:     Shutting down
INFO:     Waiting for application shutdown.
INFO:     Application shutdown complete.
INFO:     Finished server process [481747]
INFO:     Started server process [497790]
INFO:     Waiting for application startup.
INFO:     Application startup complete.
INFO:     Uvicorn running on http://0.0.0.0:8000 (Press CTRL+C to quit)
2026-05-15 10:45:21,439 - INFO - Navigating to https://ladeverbundplus.chargecloud.de/#/location/details/DE/LVP/3411583
[2026-05-15 10:45:20.633988] Starting scrape...
INFO:     127.0.0.1:37680 - "GET / HTTP/1.1" 200 OK
2026-05-15 10:45:27,744 - INFO - Navigating to https://ladeverbundplus.chargecloud.de/#/location/details/DE/LVP/3411583
2026-05-15 10:45:42,356 - INFO - Extraction Attempt 1...
2026-05-15 10:45:42,371 - INFO - Success: [{'id': 'DE*LVP*E21065*001', 'status': 'Available'}, {'id': 'DE*LVP*E21065*002', 'status': 'Available'}]
2026-05-15 10:45:51,761 - INFO - Extraction Attempt 1...
2026-05-15 10:45:56,776 - INFO - Extraction Attempt 2...
2026-05-15 10:46:01,785 - INFO - Extraction Attempt 3...
2026-05-15 10:46:06,795 - INFO - Extraction Attempt 4...
2026-05-15 10:46:11,807 - INFO - Extraction Attempt 5...
[2026-05-15 10:45:26.943096] Starting scrape...
[2026-05-15 10:45:42.424137] Scrape completed. Status: OK
[2026-05-15 10:46:16.961619] Scrape completed. Status: OK
INFO:     127.0.0.1:37680 - "GET /refresh HTTP/1.1" 307 Temporary Redirect
INFO:     127.0.0.1:37680 - "GET / HTTP/1.1" 200 OK
2026-05-15 10:46:43,472 - INFO - Navigating to https://ladeverbundplus.chargecloud.de/#/location/details/DE/LVP/3411583
2026-05-15 10:47:04,372 - INFO - Extraction Attempt 1...
2026-05-15 10:47:04,389 - INFO - Success: [{'id': 'DE*LVP*E21065*001', 'status': 'Available'}, {'id': 'DE*LVP*E21065*002', 'status': 'Available'}]
2026-05-15 10:48:05,269 - INFO - Navigating to https://ladeverbundplus.chargecloud.de/#/location/details/DE/LVP/3411583
2026-05-15 10:48:26,163 - INFO - Extraction Attempt 1...
2026-05-15 10:48:26,179 - INFO - Success: [{'id': 'DE*LVP*E21065*001', 'status': 'Available'}, {'id': 'DE*LVP*E21065*002', 'status': 'Available'}]
2026-05-15 10:49:27,022 - INFO - Navigating to https://ladeverbundplus.chargecloud.de/#/location/details/DE/LVP/3411583
2026-05-15 10:49:47,962 - INFO - Extraction Attempt 1...
2026-05-15 10:49:47,976 - INFO - Success: [{'id': 'DE*LVP*E21065*001', 'status': 'Available'}, {'id': 'DE*LVP*E21065*002', 'status': 'Available'}]
